// Jest Snapshot v1, https://goo.gl/fbAQLP

exports[`Navbar Page should render the navbar page correctly 1`] = `
ShallowWrapper {
  "length": 1,
  Symbol(enzyme.__root__): [Circular],
  Symbol(enzyme.__unrendered__): <Navbar />,
  Symbol(enzyme.__renderer__): Object {
    "batchedUpdates": [Function],
    "getNode": [Function],
    "render": [Function],
    "simulateEvent": [Function],
    "unmount": [Function],
  },
  Symbol(enzyme.__node__): Object {
    "instance": null,
    "key": undefined,
    "nodeType": "host",
    "props": Object {
      "children": Array [
        <nav
          className="navbar navbar-expand-lg transparent navbar-dark bg-orange"
        >
          <Link
            className="navbar-brand font-weight-bold text-white"
            replace={false}
            to="/"
          >
            <i
              className="text-center fab fa-quinscape fa-2x mr-2"
            />
            EVENTERIA
          </Link>
          <button
            aria-controls="navbarSupportedContent"
            aria-expanded="false"
            aria-label="Toggle navigation"
            className="navbar-toggler"
            data-target="#navbarSupportedContent"
            data-toggle="collapse"
            type="button"
          >
            <span
              className="navbar-toggler-icon"
            />
          </button>
          <div
            className="collapse navbar-collapse"
            id="navbarSupportedContent"
          >
            <form
              className="form-inline ml-auto mx-2"
            >
              <button
                className="btn-resp-height btn btn-outline-orange-1 rounded-0 px-3 ml-2 border"
                data-target="#signinModal"
                data-toggle="modal"
                type="button"
              >
                <i
                  aria-hidden="true"
                  className="fa fa-user"
                >
                   
                  Sign In
                </i>
              </button>
            </form>
            <form
              className="form-inline"
            >
              <button
                className="btn-resp-height btn btn-outline-orange-1 rounded-0 px-3 ml-2 border"
                data-target="#signupModal"
                data-toggle="modal"
                type="button"
              >
                <i
                  aria-hidden="true"
                  className="fa fa-user-plus"
                >
                   
                  Sign Up
                </i>
              </button>
            </form>
          </div>
        </nav>,
        <Connect(SignInPageModal) />,
        <Connect(SignUpPageModal) />,
      ],
    },
    "ref": null,
    "rendered": Array [
      Object {
        "instance": null,
        "key": undefined,
        "nodeType": "host",
        "props": Object {
          "children": Array [
            <Link
              className="navbar-brand font-weight-bold text-white"
              replace={false}
              to="/"
            >
              <i
                className="text-center fab fa-quinscape fa-2x mr-2"
              />
              EVENTERIA
            </Link>,
            <button
              aria-controls="navbarSupportedContent"
              aria-expanded="false"
              aria-label="Toggle navigation"
              className="navbar-toggler"
              data-target="#navbarSupportedContent"
              data-toggle="collapse"
              type="button"
            >
              <span
                className="navbar-toggler-icon"
              />
            </button>,
            <div
              className="collapse navbar-collapse"
              id="navbarSupportedContent"
            >
              <form
                className="form-inline ml-auto mx-2"
              >
                <button
                  className="btn-resp-height btn btn-outline-orange-1 rounded-0 px-3 ml-2 border"
                  data-target="#signinModal"
                  data-toggle="modal"
                  type="button"
                >
                  <i
                    aria-hidden="true"
                    className="fa fa-user"
                  >
                     
                    Sign In
                  </i>
                </button>
              </form>
              <form
                className="form-inline"
              >
                <button
                  className="btn-resp-height btn btn-outline-orange-1 rounded-0 px-3 ml-2 border"
                  data-target="#signupModal"
                  data-toggle="modal"
                  type="button"
                >
                  <i
                    aria-hidden="true"
                    className="fa fa-user-plus"
                  >
                     
                    Sign Up
                  </i>
                </button>
              </form>
            </div>,
          ],
          "className": "navbar navbar-expand-lg transparent navbar-dark bg-orange",
        },
        "ref": null,
        "rendered": Array [
          Object {
            "instance": null,
            "key": undefined,
            "nodeType": "class",
            "props": Object {
              "children": Array [
                <i
                  className="text-center fab fa-quinscape fa-2x mr-2"
                />,
                "EVENTERIA",
              ],
              "className": "navbar-brand font-weight-bold text-white",
              "replace": false,
              "to": "/",
            },
            "ref": null,
            "rendered": Array [
              Object {
                "instance": null,
                "key": undefined,
                "nodeType": "host",
                "props": Object {
                  "className": "text-center fab fa-quinscape fa-2x mr-2",
                },
                "ref": null,
                "rendered": null,
                "type": "i",
              },
              "EVENTERIA",
            ],
            "type": [Function],
          },
          Object {
            "instance": null,
            "key": undefined,
            "nodeType": "host",
            "props": Object {
              "aria-controls": "navbarSupportedContent",
              "aria-expanded": "false",
              "aria-label": "Toggle navigation",
              "children": <span
                className="navbar-toggler-icon"
              />,
              "className": "navbar-toggler",
              "data-target": "#navbarSupportedContent",
              "data-toggle": "collapse",
              "type": "button",
            },
            "ref": null,
            "rendered": Object {
              "instance": null,
              "key": undefined,
              "nodeType": "host",
              "props": Object {
                "className": "navbar-toggler-icon",
              },
              "ref": null,
              "rendered": null,
              "type": "span",
            },
            "type": "button",
          },
          Object {
            "instance": null,
            "key": undefined,
            "nodeType": "host",
            "props": Object {
              "children": Array [
                <form
                  className="form-inline ml-auto mx-2"
                >
                  <button
                    className="btn-resp-height btn btn-outline-orange-1 rounded-0 px-3 ml-2 border"
                    data-target="#signinModal"
                    data-toggle="modal"
                    type="button"
                  >
                    <i
                      aria-hidden="true"
                      className="fa fa-user"
                    >
                       
                      Sign In
                    </i>
                  </button>
                </form>,
                <form
                  className="form-inline"
                >
                  <button
                    className="btn-resp-height btn btn-outline-orange-1 rounded-0 px-3 ml-2 border"
                    data-target="#signupModal"
                    data-toggle="modal"
                    type="button"
                  >
                    <i
                      aria-hidden="true"
                      className="fa fa-user-plus"
                    >
                       
                      Sign Up
                    </i>
                  </button>
                </form>,
              ],
              "className": "collapse navbar-collapse",
              "id": "navbarSupportedContent",
            },
            "ref": null,
            "rendered": Array [
              Object {
                "instance": null,
                "key": undefined,
                "nodeType": "host",
                "props": Object {
                  "children": <button
                    className="btn-resp-height btn btn-outline-orange-1 rounded-0 px-3 ml-2 border"
                    data-target="#signinModal"
                    data-toggle="modal"
                    type="button"
                  >
                    <i
                      aria-hidden="true"
                      className="fa fa-user"
                    >
                       
                      Sign In
                    </i>
                  </button>,
                  "className": "form-inline ml-auto mx-2",
                },
                "ref": null,
                "rendered": Object {
                  "instance": null,
                  "key": undefined,
                  "nodeType": "host",
                  "props": Object {
                    "children": <i
                      aria-hidden="true"
                      className="fa fa-user"
                    >
                       
                      Sign In
                    </i>,
                    "className": "btn-resp-height btn btn-outline-orange-1 rounded-0 px-3 ml-2 border",
                    "data-target": "#signinModal",
                    "data-toggle": "modal",
                    "type": "button",
                  },
                  "ref": null,
                  "rendered": Object {
                    "instance": null,
                    "key": undefined,
                    "nodeType": "host",
                    "props": Object {
                      "aria-hidden": "true",
                      "children": Array [
                        " ",
                        "Sign In",
                      ],
                      "className": "fa fa-user",
                    },
                    "ref": null,
                    "rendered": Array [
                      " ",
                      "Sign In",
                    ],
                    "type": "i",
                  },
                  "type": "button",
                },
                "type": "form",
              },
              Object {
                "instance": null,
                "key": undefined,
                "nodeType": "host",
                "props": Object {
                  "children": <button
                    className="btn-resp-height btn btn-outline-orange-1 rounded-0 px-3 ml-2 border"
                    data-target="#signupModal"
                    data-toggle="modal"
                    type="button"
                  >
                    <i
                      aria-hidden="true"
                      className="fa fa-user-plus"
                    >
                       
                      Sign Up
                    </i>
                  </button>,
                  "className": "form-inline",
                },
                "ref": null,
                "rendered": Object {
                  "instance": null,
                  "key": undefined,
                  "nodeType": "host",
                  "props": Object {
                    "children": <i
                      aria-hidden="true"
                      className="fa fa-user-plus"
                    >
                       
                      Sign Up
                    </i>,
                    "className": "btn-resp-height btn btn-outline-orange-1 rounded-0 px-3 ml-2 border",
                    "data-target": "#signupModal",
                    "data-toggle": "modal",
                    "type": "button",
                  },
                  "ref": null,
                  "rendered": Object {
                    "instance": null,
                    "key": undefined,
                    "nodeType": "host",
                    "props": Object {
                      "aria-hidden": "true",
                      "children": Array [
                        " ",
                        "Sign Up",
                      ],
                      "className": "fa fa-user-plus",
                    },
                    "ref": null,
                    "rendered": Array [
                      " ",
                      "Sign Up",
                    ],
                    "type": "i",
                  },
                  "type": "button",
                },
                "type": "form",
              },
            ],
            "type": "div",
          },
        ],
        "type": "nav",
      },
      Object {
        "instance": null,
        "key": undefined,
        "nodeType": "class",
        "props": Object {},
        "ref": null,
        "rendered": null,
        "type": [Function],
      },
      Object {
        "instance": null,
        "key": undefined,
        "nodeType": "class",
        "props": Object {},
        "ref": null,
        "rendered": null,
        "type": [Function],
      },
    ],
    "type": "div",
  },
  Symbol(enzyme.__nodes__): Array [
    Object {
      "instance": null,
      "key": undefined,
      "nodeType": "host",
      "props": Object {
        "children": Array [
          <nav
            className="navbar navbar-expand-lg transparent navbar-dark bg-orange"
          >
            <Link
              className="navbar-brand font-weight-bold text-white"
              replace={false}
              to="/"
            >
              <i
                className="text-center fab fa-quinscape fa-2x mr-2"
              />
              EVENTERIA
            </Link>
            <button
              aria-controls="navbarSupportedContent"
              aria-expanded="false"
              aria-label="Toggle navigation"
              className="navbar-toggler"
              data-target="#navbarSupportedContent"
              data-toggle="collapse"
              type="button"
            >
              <span
                className="navbar-toggler-icon"
              />
            </button>
            <div
              className="collapse navbar-collapse"
              id="navbarSupportedContent"
            >
              <form
                className="form-inline ml-auto mx-2"
              >
                <button
                  className="btn-resp-height btn btn-outline-orange-1 rounded-0 px-3 ml-2 border"
                  data-target="#signinModal"
                  data-toggle="modal"
                  type="button"
                >
                  <i
                    aria-hidden="true"
                    className="fa fa-user"
                  >
                     
                    Sign In
                  </i>
                </button>
              </form>
              <form
                className="form-inline"
              >
                <button
                  className="btn-resp-height btn btn-outline-orange-1 rounded-0 px-3 ml-2 border"
                  data-target="#signupModal"
                  data-toggle="modal"
                  type="button"
                >
                  <i
                    aria-hidden="true"
                    className="fa fa-user-plus"
                  >
                     
                    Sign Up
                  </i>
                </button>
              </form>
            </div>
          </nav>,
          <Connect(SignInPageModal) />,
          <Connect(SignUpPageModal) />,
        ],
      },
      "ref": null,
      "rendered": Array [
        Object {
          "instance": null,
          "key": undefined,
          "nodeType": "host",
          "props": Object {
            "children": Array [
              <Link
                className="navbar-brand font-weight-bold text-white"
                replace={false}
                to="/"
              >
                <i
                  className="text-center fab fa-quinscape fa-2x mr-2"
                />
                EVENTERIA
              </Link>,
              <button
                aria-controls="navbarSupportedContent"
                aria-expanded="false"
                aria-label="Toggle navigation"
                className="navbar-toggler"
                data-target="#navbarSupportedContent"
                data-toggle="collapse"
                type="button"
              >
                <span
                  className="navbar-toggler-icon"
                />
              </button>,
              <div
                className="collapse navbar-collapse"
                id="navbarSupportedContent"
              >
                <form
                  className="form-inline ml-auto mx-2"
                >
                  <button
                    className="btn-resp-height btn btn-outline-orange-1 rounded-0 px-3 ml-2 border"
                    data-target="#signinModal"
                    data-toggle="modal"
                    type="button"
                  >
                    <i
                      aria-hidden="true"
                      className="fa fa-user"
                    >
                       
                      Sign In
                    </i>
                  </button>
                </form>
                <form
                  className="form-inline"
                >
                  <button
                    className="btn-resp-height btn btn-outline-orange-1 rounded-0 px-3 ml-2 border"
                    data-target="#signupModal"
                    data-toggle="modal"
                    type="button"
                  >
                    <i
                      aria-hidden="true"
                      className="fa fa-user-plus"
                    >
                       
                      Sign Up
                    </i>
                  </button>
                </form>
              </div>,
            ],
            "className": "navbar navbar-expand-lg transparent navbar-dark bg-orange",
          },
          "ref": null,
          "rendered": Array [
            Object {
              "instance": null,
              "key": undefined,
              "nodeType": "class",
              "props": Object {
                "children": Array [
                  <i
                    className="text-center fab fa-quinscape fa-2x mr-2"
                  />,
                  "EVENTERIA",
                ],
                "className": "navbar-brand font-weight-bold text-white",
                "replace": false,
                "to": "/",
              },
              "ref": null,
              "rendered": Array [
                Object {
                  "instance": null,
                  "key": undefined,
                  "nodeType": "host",
                  "props": Object {
                    "className": "text-center fab fa-quinscape fa-2x mr-2",
                  },
                  "ref": null,
                  "rendered": null,
                  "type": "i",
                },
                "EVENTERIA",
              ],
              "type": [Function],
            },
            Object {
              "instance": null,
              "key": undefined,
              "nodeType": "host",
              "props": Object {
                "aria-controls": "navbarSupportedContent",
                "aria-expanded": "false",
                "aria-label": "Toggle navigation",
                "children": <span
                  className="navbar-toggler-icon"
                />,
                "className": "navbar-toggler",
                "data-target": "#navbarSupportedContent",
                "data-toggle": "collapse",
                "type": "button",
              },
              "ref": null,
              "rendered": Object {
                "instance": null,
                "key": undefined,
                "nodeType": "host",
                "props": Object {
                  "className": "navbar-toggler-icon",
                },
                "ref": null,
                "rendered": null,
                "type": "span",
              },
              "type": "button",
            },
            Object {
              "instance": null,
              "key": undefined,
              "nodeType": "host",
              "props": Object {
                "children": Array [
                  <form
                    className="form-inline ml-auto mx-2"
                  >
                    <button
                      className="btn-resp-height btn btn-outline-orange-1 rounded-0 px-3 ml-2 border"
                      data-target="#signinModal"
                      data-toggle="modal"
                      type="button"
                    >
                      <i
                        aria-hidden="true"
                        className="fa fa-user"
                      >
                         
                        Sign In
                      </i>
                    </button>
                  </form>,
                  <form
                    className="form-inline"
                  >
                    <button
                      className="btn-resp-height btn btn-outline-orange-1 rounded-0 px-3 ml-2 border"
                      data-target="#signupModal"
                      data-toggle="modal"
                      type="button"
                    >
                      <i
                        aria-hidden="true"
                        className="fa fa-user-plus"
                      >
                         
                        Sign Up
                      </i>
                    </button>
                  </form>,
                ],
                "className": "collapse navbar-collapse",
                "id": "navbarSupportedContent",
              },
              "ref": null,
              "rendered": Array [
                Object {
                  "instance": null,
                  "key": undefined,
                  "nodeType": "host",
                  "props": Object {
                    "children": <button
                      className="btn-resp-height btn btn-outline-orange-1 rounded-0 px-3 ml-2 border"
                      data-target="#signinModal"
                      data-toggle="modal"
                      type="button"
                    >
                      <i
                        aria-hidden="true"
                        className="fa fa-user"
                      >
                         
                        Sign In
                      </i>
                    </button>,
                    "className": "form-inline ml-auto mx-2",
                  },
                  "ref": null,
                  "rendered": Object {
                    "instance": null,
                    "key": undefined,
                    "nodeType": "host",
                    "props": Object {
                      "children": <i
                        aria-hidden="true"
                        className="fa fa-user"
                      >
                         
                        Sign In
                      </i>,
                      "className": "btn-resp-height btn btn-outline-orange-1 rounded-0 px-3 ml-2 border",
                      "data-target": "#signinModal",
                      "data-toggle": "modal",
                      "type": "button",
                    },
                    "ref": null,
                    "rendered": Object {
                      "instance": null,
                      "key": undefined,
                      "nodeType": "host",
                      "props": Object {
                        "aria-hidden": "true",
                        "children": Array [
                          " ",
                          "Sign In",
                        ],
                        "className": "fa fa-user",
                      },
                      "ref": null,
                      "rendered": Array [
                        " ",
                        "Sign In",
                      ],
                      "type": "i",
                    },
                    "type": "button",
                  },
                  "type": "form",
                },
                Object {
                  "instance": null,
                  "key": undefined,
                  "nodeType": "host",
                  "props": Object {
                    "children": <button
                      className="btn-resp-height btn btn-outline-orange-1 rounded-0 px-3 ml-2 border"
                      data-target="#signupModal"
                      data-toggle="modal"
                      type="button"
                    >
                      <i
                        aria-hidden="true"
                        className="fa fa-user-plus"
                      >
                         
                        Sign Up
                      </i>
                    </button>,
                    "className": "form-inline",
                  },
                  "ref": null,
                  "rendered": Object {
                    "instance": null,
                    "key": undefined,
                    "nodeType": "host",
                    "props": Object {
                      "children": <i
                        aria-hidden="true"
                        className="fa fa-user-plus"
                      >
                         
                        Sign Up
                      </i>,
                      "className": "btn-resp-height btn btn-outline-orange-1 rounded-0 px-3 ml-2 border",
                      "data-target": "#signupModal",
                      "data-toggle": "modal",
                      "type": "button",
                    },
                    "ref": null,
                    "rendered": Object {
                      "instance": null,
                      "key": undefined,
                      "nodeType": "host",
                      "props": Object {
                        "aria-hidden": "true",
                        "children": Array [
                          " ",
                          "Sign Up",
                        ],
                        "className": "fa fa-user-plus",
                      },
                      "ref": null,
                      "rendered": Array [
                        " ",
                        "Sign Up",
                      ],
                      "type": "i",
                    },
                    "type": "button",
                  },
                  "type": "form",
                },
              ],
              "type": "div",
            },
          ],
          "type": "nav",
        },
        Object {
          "instance": null,
          "key": undefined,
          "nodeType": "class",
          "props": Object {},
          "ref": null,
          "rendered": null,
          "type": [Function],
        },
        Object {
          "instance": null,
          "key": undefined,
          "nodeType": "class",
          "props": Object {},
          "ref": null,
          "rendered": null,
          "type": [Function],
        },
      ],
      "type": "div",
    },
  ],
  Symbol(enzyme.__options__): Object {
    "adapter": ReactSixteenAdapter {
      "options": Object {
        "enableComponentDidUpdateOnSetState": true,
      },
    },
  },
}
`;
